$ bun run --filter @allo/frontend build
@allo/frontend build: React Compiler enabled
@allo/frontend build: Expo Autolinking module resolution enabled
@allo/frontend build: Starting Metro Bundler
@allo/frontend build: 
@allo/frontend build: Static rendering is enabled. Learn more: https://docs.expo.dev/router/web/static-rendering/
@allo/frontend build:  WARN  Attempted to import the module "/home/nate/Oxy/Allo/.worktrees/1519-final-sdk-adoption-20261003/node_modules/@scure/bip39/node_modules/@noble/hashes/crypto.js" which is not listed in the "exports" of "/home/nate/Oxy/Allo/.worktrees/1519-final-sdk-adoption-20261003/node_modules/@scure/bip39/node_modules/@noble/hashes" under the requested subpath "./crypto.js". Falling back to file-based resolution. Consider updating the call site or asking the package maintainer(s) to expose this API.
@allo/frontend build:  WARN  Attempted to import the module "/home/nate/Oxy/Allo/.worktrees/1519-final-sdk-adoption-20261003/node_modules/@oxy.so/core/node_modules/@noble/hashes/crypto.js" which is not listed in the "exports" of "/home/nate/Oxy/Allo/.worktrees/1519-final-sdk-adoption-20261003/node_modules/@oxy.so/core/node_modules/@noble/hashes" under the requested subpath "./crypto.js". Falling back to file-based resolution. Consider updating the call site or asking the package maintainer(s) to expose this API.
@allo/frontend build:  WARN  Attempted to import the module "/home/nate/Oxy/Allo/.worktrees/1519-final-sdk-adoption-20261003/node_modules/@scure/bip39/node_modules/@noble/hashes/crypto.js" which is not listed in the "exports" of "/home/nate/Oxy/Allo/.worktrees/1519-final-sdk-adoption-20261003/node_modules/@scure/bip39/node_modules/@noble/hashes" under the requested subpath "./crypto.js". Falling back to file-based resolution. Consider updating the call site or asking the package maintainer(s) to expose this API.
@allo/frontend build:  WARN  Attempted to import the module "/home/nate/Oxy/Allo/.worktrees/1519-final-sdk-adoption-20261003/node_modules/@oxy.so/protocol/node_modules/@noble/curves/node_modules/@noble/hashes/crypto.js" which is not listed in the "exports" of "/home/nate/Oxy/Allo/.worktrees/1519-final-sdk-adoption-20261003/node_modules/@oxy.so/protocol/node_modules/@noble/curves/node_modules/@noble/hashes" under the requested subpath "./crypto.js". Falling back to file-based resolution. Consider updating the call site or asking the package maintainer(s) to expose this API.
@allo/frontend build: λ Bundled 27462ms node_modules/@expo/router-server/node/render.js (4213 modules)
@allo/frontend build: Web Bundled 28907ms node_modules/expo-router/entry.js (3953 modules)
@allo/frontend build: 
@allo/frontend build: › web bundles (77):
@allo/frontend build: _expo/static/css/global-887c3cbe368f9a6fe442d8ff1827ca44.css (86KB)
@allo/frontend build: _expo/static/js/web/__common-eaa9662c94644116ea0316749543921d.js (14KB)
@allo/frontend build: _expo/static/js/web/__expo-metro-runtime-1f8f5d3ca6b7f58204d51e14506d73fb.js (3.8KB)
@allo/frontend build: _expo/static/js/web/AccountMembersScreen-5f25611d0482f001c510f80d5ca11708.js (10KB)
@allo/frontend build: _expo/static/js/web/AccountSettingsScreen-7e0e8cabe8a668f42961f2c022e2d158.js (6KB)
@allo/frontend build: _expo/static/js/web/AccountVerificationScreen-abeb38e8b89d6402fb58d50961021585.js (4.9KB)
@allo/frontend build: _expo/static/js/web/AppInfoScreen-c2ac39a3c1eecd540c20411f63d897f0.js (12KB)
@allo/frontend build: _expo/static/js/web/ar-f5b83a283a65bd4091ac18563b588360.js (210KB)
@allo/frontend build: _expo/static/js/web/ar-SA-f9efd1fc5b0b575fb55ad41c4b396c5e.js (35KB)
@allo/frontend build: _expo/static/js/web/AvatarCropScreen-768058f8e878c2b90c29d51b9e8242c7.js (21KB)
@allo/frontend build: _expo/static/js/web/bn-dfef4dda85476e1f6bf477e1c72d03a4.js (209KB)
@allo/frontend build: _expo/static/js/web/ca-766f27d06bec8fc6ac0bd9277215c148.js (79KB)
@allo/frontend build: _expo/static/js/web/ca-ES-87814b33a81a73d64503498ebce8d144.js (13KB)
@allo/frontend build: _expo/static/js/web/chacha-6b3fd8b9f30a81e8ceba84439bbee399.js (14KB)
@allo/frontend build: _expo/static/js/web/ChangeAvatarScreen-c184168f79fde09f35dce5a9ae6e8b89.js (4.3KB)
@allo/frontend build: _expo/static/js/web/ConnectedAppsScreen-29b12828b844d9d35de335f97adbe839.js (3.1KB)
@allo/frontend build: _expo/static/js/web/CreateAccountScreen-608e083008649ebe670c2a24dc0e8d5c.js (7.5KB)
@allo/frontend build: _expo/static/js/web/de-DE-0d46f48f306af851732a22977c15438e.js (14KB)
@allo/frontend build: _expo/static/js/web/de-e9c23eb7c7153fe144a1e828601f82af.js (79KB)
@allo/frontend build: _expo/static/js/web/DeleteAccountScreen-4e3e7fbc7ea070e362d36c1783d54bdc.js (352B)
@allo/frontend build: _expo/static/js/web/DomainsScreen-8a4f38a9cb20214194df283c3d05a0fe.js (4.4KB)
@allo/frontend build: _expo/static/js/web/ed448-50ebbe4079ef420456a7ac467d35f54b.js (14KB)
@allo/frontend build: _expo/static/js/web/EditProfileFieldScreen-e18e0d820e879a76d332970ec9396b31.js (15KB)
@allo/frontend build: _expo/static/js/web/EditProfileScreen-e53d27bdc0d47723c6d99a0267ef146b.js (3.5KB)
@allo/frontend build: _expo/static/js/web/empty-module-0aa3420d75d5da40ef3ec6e19015740e.js (50B)
@allo/frontend build: _expo/static/js/web/entry-357ad26ec4b17a0ba127c1a3954c0f38.js (8MB)
@allo/frontend build: _expo/static/js/web/es-ES-131142867be91d801fbf701e03754cd5.js (67KB)
@allo/frontend build: _expo/static/js/web/es-f44da925dc25854cb50d71868950d512.js (80KB)
@allo/frontend build: _expo/static/js/web/FileManagementScreen-c6f1dc44f137f9420b245b19a32da6fb.js (65KB)
@allo/frontend build: _expo/static/js/web/FollowersListScreen-2d6491586005fe4f0bd673d5b6953fb1.js (301B)
@allo/frontend build: _expo/static/js/web/FollowingListScreen-005c03f0fd60424da289c1e3943e3a1b.js (301B)
@allo/frontend build: _expo/static/js/web/fr-185583a3598046785c4b600c56268f7a.js (83KB)
@allo/frontend build: _expo/static/js/web/fr-FR-bb7c19dbed71fe002b500b2523a0767a.js (14KB)
@allo/frontend build: _expo/static/js/web/HelpSupportScreen-021470b686d6cbff2b35cd73aa311747.js (2.9KB)
@allo/frontend build: _expo/static/js/web/hi-5f94bce960d37600ed91546d8f5563a4.js (202KB)
@allo/frontend build: _expo/static/js/web/HistoryViewScreen-b051a4fea56c88b3d53a882347b5010f.js (3.9KB)
@allo/frontend build: _expo/static/js/web/id-c2836b12e0c285917bf35608c566e845.js (72KB)
@allo/frontend build: _expo/static/js/web/index-09a3804a4b1332d74e01facf4652d325.js (52KB)
@allo/frontend build: _expo/static/js/web/index-c6afe21c91303e73563334a886d5348d.js (62KB)
@allo/frontend build: _expo/static/js/web/internal-bffdd189490f44871c097bd265be4a1e.js (2.4KB)
@allo/frontend build: _expo/static/js/web/it-d3a35bb25abaad1b63d514644c2c27ce.js (78KB)
@allo/frontend build: _expo/static/js/web/it-IT-5ba926e6e1b3ca9d4abb7300c4493cca.js (13KB)
@allo/frontend build: _expo/static/js/web/ja-2f975a6c03b1a3a62181365753f77c8a.js (126KB)
@allo/frontend build: _expo/static/js/web/ja-JP-2850e16be4d147b0124d674c0d2620bb.js (26KB)
@allo/frontend build: _expo/static/js/web/ko-KR-ad4e4e718834f7ed1a9a546eec2a0b71.js (21KB)
@allo/frontend build: _expo/static/js/web/LanguageSelectorScreen-4c01f97dc589f6ba542edd02756c61bc.js (3.6KB)
@allo/frontend build: _expo/static/js/web/LearnMoreUsernamesScreen-5d7012dba8258b5fc48abab2801aa033.js (2.5KB)
@allo/frontend build: _expo/static/js/web/LegalDocumentsScreen-05f84f708e76f6be52c765eb4a971091.js (4.4KB)
@allo/frontend build: _expo/static/js/web/LinkCommonsScreen-12264d674e0f01564831625b4f1c6f2a.js (317B)
@allo/frontend build: _expo/static/js/web/ManageAccountScreen-1fe5a980827132b556bf6ed92f966970.js (22KB)
@allo/frontend build: _expo/static/js/web/nist-d43c931c9f3be0d7d0c6a58f464e46a7.js (22KB)
@allo/frontend build: _expo/static/js/web/NotificationsScreen-6601eafdc978379d50651fa3a44cb920.js (3.2KB)
@allo/frontend build: _expo/static/js/web/OxyAccountDialogScreen-125996007929175c8d0df35dce69aeb2.js (43KB)
@allo/frontend build: _expo/static/js/web/PaymentGatewayScreen-94134b1263a9c0a65f75e7b476ccfbc9.js (29KB)
@allo/frontend build: _expo/static/js/web/PreferencesScreen-22186a6f7859e63340416bbd37f1bf27.js (3.4KB)
@allo/frontend build: _expo/static/js/web/PrivacySettingsScreen-d404074db9ee959fbe5db374c43730df.js (12KB)
@allo/frontend build: _expo/static/js/web/ProfileScreen-d11698d59818cd1ec1c682be5a15cc07.js (8.3KB)
@allo/frontend build: _expo/static/js/web/pt-f24f68b22262688813086b01d0a443f5.js (79KB)
@allo/frontend build: _expo/static/js/web/pt-PT-f5f1194a4e3ac835734f8866ff342438.js (14KB)
@allo/frontend build: _expo/static/js/web/ru-6fe74f1160d5001542ca4ad887546dc4.js (239KB)
@allo/frontend build: _expo/static/js/web/SearchSettingsScreen-bcffc0954255da1282a5abafa1b59d65.js (2.5KB)
@allo/frontend build: _expo/static/js/web/SecureStore-8a202e5f8b654957461c54b3714b9cb4.js (2.4KB)
@allo/frontend build: _expo/static/js/web/SignInAuthenticatorScreen-d97dbe460c71f0d3ea56f35a31c3c796.js (319B)
@allo/frontend build: _expo/static/js/web/SignInPasswordScreen-3f8c6a581b88dc0ab4356f9ca8535ba9.js (359B)
@allo/frontend build: _expo/static/js/web/tr-7acd1e4d884e879eb6b3778d3269c29c.js (86KB)
@allo/frontend build: _expo/static/js/web/TrustAboutScreen-38af27282b7372daaa64d73e946caf2f.js (2.6KB)
@allo/frontend build: _expo/static/js/web/TrustCenterScreen-511590feea9d3bbe2223beeedd900158.js (4.4KB)
@allo/frontend build: _expo/static/js/web/TrustFAQScreen-383e939a0a3bd31667ef36fe9064a31c.js (1.8KB)
@allo/frontend build: _expo/static/js/web/TrustLeaderboardScreen-5ee2becca3be899a539fec05548061b2.js (4.3KB)
@allo/frontend build: _expo/static/js/web/TrustRewardsScreen-757e6d518f26584da786d66c2b787544.js (9.4KB)
@allo/frontend build: _expo/static/js/web/TrustRulesScreen-9d520e3a90f92a66855f9affb60cd042.js (2.2KB)
@allo/frontend build: _expo/static/js/web/ts-mls-optional-peer-a517737d6095494285f88b41d720d610.js (345B)
@allo/frontend build: _expo/static/js/web/UserLinksScreen-99839abe94edd5d818bbbf92adac2821.js (1.1KB)
@allo/frontend build: _expo/static/js/web/WebBrowser-47b9a7b21ea961227a1372460449e85b.js (8.3KB)
@allo/frontend build: _expo/static/js/web/WelcomeNewUserScreen-85bbcf6f94ad4140977aada671f1fa2c.js (8.7KB)
@allo/frontend build: _expo/static/js/web/zh-CN-81791d061fea497a50b4d6f4af05b633.js (18KB)
@allo/frontend build: _expo/static/js/web/zh-da1a4657974a657d0febdbe6de56c225.js (97KB)
@allo/frontend build: 
@allo/frontend build: › Static routes (45):
@allo/frontend build: /new (28KB)
@allo/frontend build: / (index) (28KB)
@allo/frontend build: /calls (28KB)
@allo/frontend build: /c/[id] (28KB)
@allo/frontend build: /u/[id] (28KB)
@allo/frontend build: /updates (28KB)
@allo/frontend build: /_sitemap (27KB)
@allo/frontend build: /+not-found (28KB)
@allo/frontend build: /[username] (28KB)
@allo/frontend build: /(chat)/new (28KB)
@allo/frontend build: /c/[id]/call (28KB)
@allo/frontend build: /c/[id]/info (28KB)
@allo/frontend build: /(auth) (28KB)
@allo/frontend build: /(chat)/calls (28KB)
@allo/frontend build: /(chat) (28KB)
@allo/frontend build: /(chat)/c/[id] (28KB)
@allo/frontend build: /dm/[username] (28KB)
@allo/frontend build: /(chat)/u/[id] (28KB)
@allo/frontend build: /(chat)/updates (28KB)
@allo/frontend build: /c/[id]/members (28KB)
@allo/frontend build: /settings (28KB)
@allo/frontend build: /settings/backup (28KB)
@allo/frontend build: /settings/devices (28KB)
@allo/frontend build: /settings/privacy (28KB)
@allo/frontend build: /(chat)/[username] (28KB)
@allo/frontend build: /settings/language (28KB)
@allo/frontend build: /(chat)/c/[id]/call (28KB)
@allo/frontend build: /(chat)/c/[id]/info (28KB)
@allo/frontend build: /settings/appearance (28KB)
@allo/frontend build: /(chat)/dm/[username] (28KB)
@allo/frontend build: /(chat)/c/[id]/members (28KB)
@allo/frontend build: /(chat)/settings (28KB)
@allo/frontend build: /(chat)/settings/backup (28KB)
@allo/frontend build: /(chat)/settings/devices (28KB)
@allo/frontend build: /(chat)/settings/privacy (28KB)
@allo/frontend build: /(chat)/settings/language (28KB)
@allo/frontend build: /settings/privacy/blocked (28KB)
@allo/frontend build: /(chat)/settings/appearance (28KB)
@allo/frontend build: /settings/privacy/restricted (28KB)
@allo/frontend build: /settings/privacy/hidden-words (28KB)
@allo/frontend build: /(chat)/settings/privacy/blocked (28KB)
@allo/frontend build: /(chat)/settings/privacy/restricted (28KB)
@allo/frontend build: /settings/privacy/profile-visibility (28KB)
@allo/frontend build: /(chat)/settings/privacy/hidden-words (28KB)
@allo/frontend build: /(chat)/settings/privacy/profile-visibility (28KB)
@allo/frontend build: 
@allo/frontend build: Exported: dist
@allo/frontend build: Exited with code 0
