$ expo export --platform web --output-dir dist
React Compiler enabled
Expo Autolinking module resolution enabled
Starting Metro Bundler

Static rendering is enabled. Learn more: https://docs.expo.dev/router/web/static-rendering/
| (node:3936783) Warning: The 'NO_COLOR' env is ignored due to the 'FORCE_COLOR' env being set.
| (Use `node --trace-warnings ...` to show where the warning was created)
 WARN  Attempted to import the module "/home/nate/Oxy/Allo/.worktrees/1519-final-sdk-adoption-20261003/node_modules/@oxy.so/core/node_modules/@noble/hashes/crypto.js" which is not listed in the "exports" of "/home/nate/Oxy/Allo/.worktrees/1519-final-sdk-adoption-20261003/node_modules/@oxy.so/core/node_modules/@noble/hashes" under the requested subpath "./crypto.js". Falling back to file-based resolution. Consider updating the call site or asking the package maintainer(s) to expose this API.
 WARN  Attempted to import the module "/home/nate/Oxy/Allo/.worktrees/1519-final-sdk-adoption-20261003/node_modules/@scure/bip39/node_modules/@noble/hashes/crypto.js" which is not listed in the "exports" of "/home/nate/Oxy/Allo/.worktrees/1519-final-sdk-adoption-20261003/node_modules/@scure/bip39/node_modules/@noble/hashes" under the requested subpath "./crypto.js". Falling back to file-based resolution. Consider updating the call site or asking the package maintainer(s) to expose this API.
 WARN  Attempted to import the module "/home/nate/Oxy/Allo/.worktrees/1519-final-sdk-adoption-20261003/node_modules/@scure/bip39/node_modules/@noble/hashes/crypto.js" which is not listed in the "exports" of "/home/nate/Oxy/Allo/.worktrees/1519-final-sdk-adoption-20261003/node_modules/@scure/bip39/node_modules/@noble/hashes" under the requested subpath "./crypto.js". Falling back to file-based resolution. Consider updating the call site or asking the package maintainer(s) to expose this API.
 WARN  Attempted to import the module "/home/nate/Oxy/Allo/.worktrees/1519-final-sdk-adoption-20261003/node_modules/@oxy.so/protocol/node_modules/@noble/curves/node_modules/@noble/hashes/crypto.js" which is not listed in the "exports" of "/home/nate/Oxy/Allo/.worktrees/1519-final-sdk-adoption-20261003/node_modules/@oxy.so/protocol/node_modules/@noble/curves/node_modules/@noble/hashes" under the requested subpath "./crypto.js". Falling back to file-based resolution. Consider updating the call site or asking the package maintainer(s) to expose this API.
λ Bundled 2912ms node_modules/@expo/router-server/node/render.js (3997 modules)
Web Bundled 4091ms node_modules/expo-router/entry.js (3804 modules)

› web bundles (77):
_expo/static/css/global-526a32cd6477ff7ae7a0bf959adba77c.css (52KB)
_expo/static/js/web/__common-baa282a3848a9528434f29320c8711a1.js (16KB)
_expo/static/js/web/__expo-metro-runtime-1f8f5d3ca6b7f58204d51e14506d73fb.js (3.8KB)
_expo/static/js/web/AccountMembersScreen-771d42cd6fe2973fb60742e2bd813fb9.js (10KB)
_expo/static/js/web/AccountSettingsScreen-2edb6c357f3fe4e8cef8c578689e9c02.js (6KB)
_expo/static/js/web/AccountVerificationScreen-a67defdc3390d559337daca1d25e23aa.js (4.9KB)
_expo/static/js/web/AppInfoScreen-02b4a99a33c3c997db2cd1994eb9335b.js (12KB)
_expo/static/js/web/ar-0e0eeb56389c2c7654c475695f4c30cc.js (178KB)
_expo/static/js/web/ar-SA-f9efd1fc5b0b575fb55ad41c4b396c5e.js (35KB)
_expo/static/js/web/AvatarCropScreen-96875a367b2f042cf04d8b84154b1ea0.js (21KB)
_expo/static/js/web/bn-13abc55daa07340e128f21dfdfc8fd85.js (173KB)
_expo/static/js/web/ca-18d788539770c9db3b3a07ccc04ca478.js (67KB)
_expo/static/js/web/ca-ES-87814b33a81a73d64503498ebce8d144.js (13KB)
_expo/static/js/web/chacha-fb21eac663bf8b27b5b1d15de0ea5e03.js (14KB)
_expo/static/js/web/ChangeAvatarScreen-5d0a43a09cb14b0557730925125d402b.js (4.3KB)
_expo/static/js/web/ConnectedAppsScreen-43dcb327ace7e131f58281da5a7f7f09.js (3.1KB)
_expo/static/js/web/CreateAccountScreen-27ce80632889d4482da700f4be920f97.js (7.5KB)
_expo/static/js/web/de-785091c17f6a9a377b2f443764fc3b3b.js (66KB)
_expo/static/js/web/de-DE-0d46f48f306af851732a22977c15438e.js (14KB)
_expo/static/js/web/DeleteAccountScreen-96cd30a26d1377fb8f5f011b4587a6fc.js (352B)
_expo/static/js/web/DomainsScreen-1de32770e0b42a2406509f3019540fee.js (4.4KB)
_expo/static/js/web/ed448-4d554b36848f782542afc133a9365886.js (14KB)
_expo/static/js/web/EditProfileFieldScreen-836ea6e94c761141306a6e9bc4ff49ec.js (31KB)
_expo/static/js/web/EditProfileScreen-6b2dbc30c7dae36a71f077d630fa0f45.js (3.5KB)
_expo/static/js/web/empty-module-0aa3420d75d5da40ef3ec6e19015740e.js (50B)
_expo/static/js/web/entry-a82cf6a48b569d6af01f574c3ae2ebbe.js (7.3MB)
_expo/static/js/web/es-8456758cfbca6ccbcef43a2192e5f13b.js (67KB)
_expo/static/js/web/es-ES-131142867be91d801fbf701e03754cd5.js (67KB)
_expo/static/js/web/FileManagementScreen-9e7bb521eaf3d7af056d8f8d76c3061d.js (65KB)
_expo/static/js/web/FollowersListScreen-285f59d6b272a1ef799107977a623fc8.js (301B)
_expo/static/js/web/FollowingListScreen-d958d1ce146d73c25f13f6a2fcb19a94.js (301B)
_expo/static/js/web/fr-25b0e773b3b571d5a0d77470e25e06e9.js (70KB)
_expo/static/js/web/fr-FR-bb7c19dbed71fe002b500b2523a0767a.js (14KB)
_expo/static/js/web/HelpSupportScreen-ca8861b43cf300c7ba24df482547b003.js (2.9KB)
_expo/static/js/web/hi-c6b1b4305013c97d9e8f1dc8c9706ff2.js (168KB)
_expo/static/js/web/HistoryViewScreen-d43db128280a77775ce27d66da7efc66.js (3.9KB)
_expo/static/js/web/id-042585fbe6328e4cf5463b108cf4c366.js (61KB)
_expo/static/js/web/index-005cde2f87c57e35c66e40a8303c44c9.js (52KB)
_expo/static/js/web/index-e2cc1344231a8c265c504c1986b2dab4.js (62KB)
_expo/static/js/web/internal-bffdd189490f44871c097bd265be4a1e.js (2.4KB)
_expo/static/js/web/it-c72206c0fd1f164ecbab8e9583657f4e.js (65KB)
_expo/static/js/web/it-IT-5ba926e6e1b3ca9d4abb7300c4493cca.js (13KB)
_expo/static/js/web/ja-225fe123a399135f4133881b1d2d17fa.js (104KB)
_expo/static/js/web/ja-JP-2850e16be4d147b0124d674c0d2620bb.js (26KB)
_expo/static/js/web/ko-KR-ad4e4e718834f7ed1a9a546eec2a0b71.js (21KB)
_expo/static/js/web/LanguageSelectorScreen-cde294c614a7592f158f548a7ccb2916.js (3.6KB)
_expo/static/js/web/LearnMoreUsernamesScreen-4067b86e50c11f00dd2d32b7fd60e421.js (2.5KB)
_expo/static/js/web/LegalDocumentsScreen-6ec361a1e61290fcb75e5479c87f7331.js (4.4KB)
_expo/static/js/web/LinkCommonsScreen-296aa66760bb6b735ce108763c6ffaa8.js (317B)
_expo/static/js/web/ManageAccountScreen-14815da5e57820112a886b0037aafefb.js (22KB)
_expo/static/js/web/nist-c384174c56579fd4e0033c64a4b3bae8.js (22KB)
_expo/static/js/web/NotificationsScreen-9d5b48c95e65404bbd52a4da2facddaf.js (3.2KB)
_expo/static/js/web/OxyAccountDialogScreen-aac9dd1aef07762e25cf0d871511ebe0.js (43KB)
_expo/static/js/web/PaymentGatewayScreen-3e32496129f53b93363012d8e3434e7e.js (29KB)
_expo/static/js/web/PreferencesScreen-cba15701cc7d39cc8661264b3a2b2023.js (3.4KB)
_expo/static/js/web/PrivacySettingsScreen-f069af956ce93246afdc11ae2ce2a88d.js (12KB)
_expo/static/js/web/ProfileScreen-9fee0b50e357ca4529b47344449eeca3.js (8.3KB)
_expo/static/js/web/pt-1cb0bce46aca189f36c7dee81d733859.js (67KB)
_expo/static/js/web/pt-PT-f5f1194a4e3ac835734f8866ff342438.js (14KB)
_expo/static/js/web/ru-6d6b24e7dce22f245319c27dee93d09d.js (199KB)
_expo/static/js/web/SearchSettingsScreen-8122b48bc75225f879d635443ea9c83f.js (2.5KB)
_expo/static/js/web/SecureStore-2dd9b3a16204ffa6e34e681214b22248.js (2.4KB)
_expo/static/js/web/SignInAuthenticatorScreen-2a7b213df03330a3e875f427d0435849.js (319B)
_expo/static/js/web/SignInPasswordScreen-4a9c91f45ffa05dab5afba59a5dd3e68.js (359B)
_expo/static/js/web/tr-94574734a93e8c4684ba1c011e575eba.js (71KB)
_expo/static/js/web/TrustAboutScreen-4fa08fe57a34ac498260487fbcf632c0.js (2.6KB)
_expo/static/js/web/TrustCenterScreen-145bae5b1ed400f29f16ec7ac34ffc27.js (4.4KB)
_expo/static/js/web/TrustFAQScreen-b5557c9b5347d91dde6b1f73475bc411.js (1.8KB)
_expo/static/js/web/TrustLeaderboardScreen-c053742dba684ff797a088f09205b1ed.js (4.3KB)
_expo/static/js/web/TrustRewardsScreen-3c6de1db5df954de9a772c20d24057e1.js (9.4KB)
_expo/static/js/web/TrustRulesScreen-2f5c66721f47da9456d86bfffc972a88.js (2.2KB)
_expo/static/js/web/ts-mls-optional-peer-5998ca186f337e4a1ab63a803c3966d1.js (345B)
_expo/static/js/web/UserLinksScreen-8ca089a188006cf5a1cfd0923c26145e.js (1.1KB)
_expo/static/js/web/WebBrowser-47b9a7b21ea961227a1372460449e85b.js (8.3KB)
_expo/static/js/web/WelcomeNewUserScreen-237534c1516bb91582dc91ff107b67c2.js (8.7KB)
_expo/static/js/web/zh-9629dda25d6ce92f0bf3bdb80fbcba31.js (81KB)
_expo/static/js/web/zh-CN-81791d061fea497a50b4d6f4af05b633.js (18KB)

› Static routes (43):
/new (27KB)
/ (index) (27KB)
/calls (27KB)
/c/[id] (27KB)
/u/[id] (27KB)
/updates (27KB)
/_sitemap (26KB)
/+not-found (27KB)
/[username] (27KB)
/(chat)/new (27KB)
/c/[id]/call (27KB)
/c/[id]/info (27KB)
/(auth) (27KB)
/(chat)/calls (27KB)
/(chat) (27KB)
/(chat)/c/[id] (27KB)
/(chat)/u/[id] (27KB)
/(chat)/updates (27KB)
/c/[id]/members (27KB)
/settings (27KB)
/settings/backup (27KB)
/settings/devices (27KB)
/settings/privacy (27KB)
/(chat)/[username] (27KB)
/settings/language (27KB)
/(chat)/c/[id]/call (27KB)
/(chat)/c/[id]/info (27KB)
/settings/appearance (27KB)
/(chat)/c/[id]/members (27KB)
/(chat)/settings (27KB)
/(chat)/settings/backup (27KB)
/(chat)/settings/devices (27KB)
/(chat)/settings/privacy (27KB)
/(chat)/settings/language (27KB)
/settings/privacy/blocked (27KB)
/(chat)/settings/appearance (27KB)
/settings/privacy/restricted (27KB)
/settings/privacy/hidden-words (27KB)
/(chat)/settings/privacy/blocked (27KB)
/(chat)/settings/privacy/restricted (27KB)
/settings/privacy/profile-visibility (27KB)
/(chat)/settings/privacy/hidden-words (27KB)
/(chat)/settings/privacy/profile-visibility (27KB)

Exported: dist
