$ vitest run src/__tests__/platform/socket.realdb.test.ts

[1m[30m[46m RUN [49m[39m[22m [36mv4.1.10 [39m[90m/home/nate/Oxy/Allo/.worktrees/1519-final-sdk-adoption-20261003/packages/backend[39m

 [31m❯[39m src/__tests__/platform/socket.realdb.test.ts [2m([22m[2m4 tests[22m[2m | [22m[31m1 failed[39m[2m)[22m[33m 1278[2mms[22m[39m
[31m     [31m×[31m uses the verified socket user when legacy data disagrees[39m[32m 63[2mms[22m[39m
     [32m✓[39m admits a correctly signed instance and refuses a bad signature, a foreign account and a stale timestamp[32m 29[2mms[22m[39m
     [32m✓[39m admits a PENDING instance so it can hear instance.approved, and refuses a revoked one[32m 79[2mms[22m[39m
     [33m[2m✓[22m[39m relays typing to the other active leaves only, reports connectivity, and disconnects a revoked instance [33m 337[2mms[22m[39m

[31m⎯⎯⎯⎯⎯⎯⎯[39m[1m[41m Failed Tests 1 [49m[22m[31m⎯⎯⎯⎯⎯⎯⎯[39m

[41m[1m FAIL [22m[49m src/__tests__/platform/socket.realdb.test.ts[2m > [22mthe handshake[2m > [22muses the verified socket user when legacy data disagrees
[31m[1mAssertionError[22m: expected 'forbidden' to be undefined[39m

[32m- Expected:[39m
undefined

[31m+ Received:[39m
"forbidden"

[36m [2m❯[22m src/__tests__/platform/socket.realdb.test.ts:[2m74:26[22m[39m
    [90m 72|[39m     // The authority double emits SDK-shaped user/data; only this fixt…
    [90m 73|[39m     const result = await open(socketAuthFor(me, { fixtureDataUser: acc…
    [90m 74|[39m     [34mexpect[39m(result[33m.[39merror)[33m.[39m[34mtoBeUndefined[39m()[33m;[39m
    [90m   |[39m                          [31m^[39m
    [90m 75|[39m     result[33m.[39msocket[33m.[39m[34mclose[39m()[33m;[39m
    [90m 76|[39m   })[33m;[39m

[31m[2m⎯⎯⎯⎯⎯⎯⎯⎯⎯⎯⎯⎯⎯⎯⎯⎯⎯⎯⎯⎯⎯⎯⎯⎯[1/1]⎯[22m[39m


[2m Test Files [22m [1m[31m1 failed[39m[22m[90m (1)[39m
[2m      Tests [22m [1m[31m1 failed[39m[22m[2m | [22m[1m[32m3 passed[39m[22m[90m (4)[39m
[2m   Start at [22m 17:48:48
[2m   Duration [22m 2.10s[2m (transform 273ms, setup 19ms, import 722ms, tests 1.28s, environment 0ms)[22m

error: script "test" exited with code 1
