$ expo export --platform web --output-dir dist
React Compiler enabled
Expo Autolinking module resolution enabled
Starting Metro Bundler

Static rendering is enabled. Learn more: https://docs.expo.dev/router/web/static-rendering/
| (node:4175773) Warning: The 'NO_COLOR' env is ignored due to the 'FORCE_COLOR' env being set.
| (Use `node --trace-warnings ...` to show where the warning was created)
| (node:4175773) Warning: The 'NO_COLOR' env is ignored due to the 'FORCE_COLOR' env being set.
| (Use `node --trace-warnings ...` to show where the warning was created)
| (node:4175773) Warning: The 'NO_COLOR' env is ignored due to the 'FORCE_COLOR' env being set.
| (Use `node --trace-warnings ...` to show where the warning was created)
| (node:4175773) Warning: The 'NO_COLOR' env is ignored due to the 'FORCE_COLOR' env being set.
| (Use `node --trace-warnings ...` to show where the warning was created)
| (node:4175773) Warning: The 'NO_COLOR' env is ignored due to the 'FORCE_COLOR' env being set.
| (Use `node --trace-warnings ...` to show where the warning was created)
| (node:4175773) Warning: The 'NO_COLOR' env is ignored due to the 'FORCE_COLOR' env being set.
| (Use `node --trace-warnings ...` to show where the warning was created)
| (node:4175773) Warning: The 'NO_COLOR' env is ignored due to the 'FORCE_COLOR' env being set.
| (Use `node --trace-warnings ...` to show where the warning was created)
| (node:4175773) Warning: The 'NO_COLOR' env is ignored due to the 'FORCE_COLOR' env being set.
| (Use `node --trace-warnings ...` to show where the warning was created)
| (node:4175773) Warning: The 'NO_COLOR' env is ignored due to the 'FORCE_COLOR' env being set.
| (Use `node --trace-warnings ...` to show where the warning was created)
| (node:4175773) Warning: The 'NO_COLOR' env is ignored due to the 'FORCE_COLOR' env being set.
| (Use `node --trace-warnings ...` to show where the warning was created)
| (node:4175773) Warning: The 'NO_COLOR' env is ignored due to the 'FORCE_COLOR' env being set.
| (Use `node --trace-warnings ...` to show where the warning was created)
| (node:4175773) Warning: The 'NO_COLOR' env is ignored due to the 'FORCE_COLOR' env being set.
| (Use `node --trace-warnings ...` to show where the warning was created)
| (node:4175773) Warning: The 'NO_COLOR' env is ignored due to the 'FORCE_COLOR' env being set.
| (Use `node --trace-warnings ...` to show where the warning was created)
| (node:4175773) Warning: The 'NO_COLOR' env is ignored due to the 'FORCE_COLOR' env being set.
| (Use `node --trace-warnings ...` to show where the warning was created)
| (node:4175773) Warning: The 'NO_COLOR' env is ignored due to the 'FORCE_COLOR' env being set.
| (Use `node --trace-warnings ...` to show where the warning was created)
| (node:4175773) Warning: The 'NO_COLOR' env is ignored due to the 'FORCE_COLOR' env being set.
| (Use `node --trace-warnings ...` to show where the warning was created)
| (node:4175773) Warning: The 'NO_COLOR' env is ignored due to the 'FORCE_COLOR' env being set.
| (Use `node --trace-warnings ...` to show where the warning was created)
 WARN  Attempted to import the module "/home/nate/Oxy/Allo/.worktrees/1519-final-sdk-adoption-20261003/node_modules/@scure/bip39/node_modules/@noble/hashes/crypto.js" which is not listed in the "exports" of "/home/nate/Oxy/Allo/.worktrees/1519-final-sdk-adoption-20261003/node_modules/@scure/bip39/node_modules/@noble/hashes" under the requested subpath "./crypto.js". Falling back to file-based resolution. Consider updating the call site or asking the package maintainer(s) to expose this API.
 WARN  Attempted to import the module "/home/nate/Oxy/Allo/.worktrees/1519-final-sdk-adoption-20261003/node_modules/@oxy.so/core/node_modules/@noble/hashes/crypto.js" which is not listed in the "exports" of "/home/nate/Oxy/Allo/.worktrees/1519-final-sdk-adoption-20261003/node_modules/@oxy.so/core/node_modules/@noble/hashes" under the requested subpath "./crypto.js". Falling back to file-based resolution. Consider updating the call site or asking the package maintainer(s) to expose this API.
 WARN  Attempted to import the module "/home/nate/Oxy/Allo/.worktrees/1519-final-sdk-adoption-20261003/node_modules/@scure/bip39/node_modules/@noble/hashes/crypto.js" which is not listed in the "exports" of "/home/nate/Oxy/Allo/.worktrees/1519-final-sdk-adoption-20261003/node_modules/@scure/bip39/node_modules/@noble/hashes" under the requested subpath "./crypto.js". Falling back to file-based resolution. Consider updating the call site or asking the package maintainer(s) to expose this API.
 WARN  Attempted to import the module "/home/nate/Oxy/Allo/.worktrees/1519-final-sdk-adoption-20261003/node_modules/@oxy.so/protocol/node_modules/@noble/curves/node_modules/@noble/hashes/crypto.js" which is not listed in the "exports" of "/home/nate/Oxy/Allo/.worktrees/1519-final-sdk-adoption-20261003/node_modules/@oxy.so/protocol/node_modules/@noble/curves/node_modules/@noble/hashes" under the requested subpath "./crypto.js". Falling back to file-based resolution. Consider updating the call site or asking the package maintainer(s) to expose this API.
λ Bundled 37260ms node_modules/@expo/router-server/node/render.js (4206 modules)
Web Bundled 38086ms node_modules/expo-router/entry.js (3953 modules)

› web bundles (77):
_expo/static/css/global-887c3cbe368f9a6fe442d8ff1827ca44.css (86KB)
_expo/static/js/web/__common-f5fd4256fe7d9cf403b4f0ace1d0e8dd.js (14KB)
_expo/static/js/web/__expo-metro-runtime-1f8f5d3ca6b7f58204d51e14506d73fb.js (3.8KB)
_expo/static/js/web/AccountMembersScreen-0c2efd9118c9abfe3817b19cb63c1ff7.js (10KB)
_expo/static/js/web/AccountSettingsScreen-5ee9b83b51c122f28f431d42dd2b929a.js (6KB)
_expo/static/js/web/AccountVerificationScreen-c5a4080b024d62ed9f24e090756d7317.js (4.9KB)
_expo/static/js/web/AppInfoScreen-a4f3763719c6dbe20f3169b1fc343b72.js (12KB)
_expo/static/js/web/ar-886f1e0c2e7b8242d1ba1fc6915065d6.js (210KB)
_expo/static/js/web/ar-SA-f54db3786b0ac8398e2c020bc6b777f8.js (35KB)
_expo/static/js/web/AvatarCropScreen-1de434544b2598a36e37dd0e232fcb6f.js (21KB)
_expo/static/js/web/bn-b0a432d5adaa4e637156e72f9341072c.js (209KB)
_expo/static/js/web/ca-1ca1984c4bc1118c6a9d7716ea5aa624.js (79KB)
_expo/static/js/web/ca-ES-e7ec7bbba1b3380c123471a119e856f8.js (13KB)
_expo/static/js/web/chacha-30a910e5c9d71af793908e8b1d288bfd.js (14KB)
_expo/static/js/web/ChangeAvatarScreen-fb5785090bb73ef935e64eb3729b498d.js (4.3KB)
_expo/static/js/web/ConnectedAppsScreen-c527241973fe090f0347370c66a6ae7b.js (3.1KB)
_expo/static/js/web/CreateAccountScreen-c9682f6dbaa00994aba4f7193bd6a947.js (7.5KB)
_expo/static/js/web/de-07218e66b49680942c20d69bad8e3dc2.js (79KB)
_expo/static/js/web/de-DE-c78553ce187973dad632367723e5f724.js (14KB)
_expo/static/js/web/DeleteAccountScreen-a338bb36ccd79ccd0848e0ad574d4bff.js (352B)
_expo/static/js/web/DomainsScreen-7690709e6ea684e8b73d4cb9a641ada5.js (4.4KB)
_expo/static/js/web/ed448-13052c3467c2c94cce2f553ea21de147.js (14KB)
_expo/static/js/web/EditProfileFieldScreen-b322a51d1290393344d3a179e8aaa57f.js (15KB)
_expo/static/js/web/EditProfileScreen-e744fc567fb573c6bb5ce4b16a38bcdc.js (3.5KB)
_expo/static/js/web/empty-module-d23c9dd5bce38a7d1c7db7be488a7113.js (51B)
_expo/static/js/web/entry-83a7cfa30e7157c218dea017e40800ce.js (8MB)
_expo/static/js/web/es-cf8182f187056aea7bba433d583343e2.js (80KB)
_expo/static/js/web/es-ES-57807914b10dc1a2465e99a289a553c2.js (67KB)
_expo/static/js/web/FileManagementScreen-39948f9754f673f15438358eeb101b0e.js (65KB)
_expo/static/js/web/FollowersListScreen-6e31b45e52e5e2b1d15c613d8fc72f45.js (301B)
_expo/static/js/web/FollowingListScreen-76afadb41877a6ecf2c5a41e95b2deef.js (301B)
_expo/static/js/web/fr-9daaadf3b915c09313c404e79279d6bd.js (83KB)
_expo/static/js/web/fr-FR-35bf85db19d53e40c68abbeff0b8b6e5.js (14KB)
_expo/static/js/web/HelpSupportScreen-9fb9728311d58c6a2056b27f9aed7ecd.js (2.9KB)
_expo/static/js/web/hi-a8f32274c98bf1c24b1f4e1ac1b6b543.js (202KB)
_expo/static/js/web/HistoryViewScreen-229bc8d431a9ddf15c1b8b05f69e7c30.js (3.9KB)
_expo/static/js/web/id-889796a977fc6c3b7186f812564f6d33.js (72KB)
_expo/static/js/web/index-5a29b0285a9d9304a6cb0bdc7341fc98.js (52KB)
_expo/static/js/web/index-c33690128bdcda56c1adb97fe82fd71c.js (62KB)
_expo/static/js/web/internal-355813d4e4430f6c1155bec74281889a.js (2.4KB)
_expo/static/js/web/it-b5e3cdf91ca73ea467099add441d658a.js (78KB)
_expo/static/js/web/it-IT-c694587b361091d4c8a58296d7fbefd9.js (13KB)
_expo/static/js/web/ja-3cdfff913e1145f54c1c95eee9a42bdd.js (126KB)
_expo/static/js/web/ja-JP-6eaa887079d3802a2cace9edaef514fe.js (26KB)
_expo/static/js/web/ko-KR-2c19b52be2dd4f9b9f55e5ffa3c94462.js (21KB)
_expo/static/js/web/LanguageSelectorScreen-2297da9426b6ad4ad469c57b2421b8c0.js (3.6KB)
_expo/static/js/web/LearnMoreUsernamesScreen-8f56b7e427d1fbf7e58bb98cb28f6ca3.js (2.5KB)
_expo/static/js/web/LegalDocumentsScreen-e9a8c9f5a7149767f5a44444e56d18b6.js (4.4KB)
_expo/static/js/web/LinkCommonsScreen-43fa4e54a3fa33ea7aade42ab5d0db86.js (317B)
_expo/static/js/web/ManageAccountScreen-0d74a249a8e93c4b7f63cf2c917ca234.js (22KB)
_expo/static/js/web/nist-8153032640e47a24fcccfbddd482b8f1.js (22KB)
_expo/static/js/web/NotificationsScreen-6c1730cd33cd190df45cb53019731245.js (3.2KB)
_expo/static/js/web/OxyAccountDialogScreen-f0e61f221e6e76927ba5a788ea756b49.js (43KB)
_expo/static/js/web/PaymentGatewayScreen-68eec7cb89d43cd9f5f8c64f4a85b37a.js (29KB)
_expo/static/js/web/PreferencesScreen-dba99f1d5340e6fa5226910fdfa75f82.js (3.4KB)
_expo/static/js/web/PrivacySettingsScreen-229a96a90e3ff9ce6af9b30e10cf13be.js (12KB)
_expo/static/js/web/ProfileScreen-20ce1ffa0dda0e5e337cae30055adc83.js (8.3KB)
_expo/static/js/web/pt-824f5729e1c57781bb2690d98ac6933f.js (79KB)
_expo/static/js/web/pt-PT-8cf1c0710989af4e79247118c8337d48.js (14KB)
_expo/static/js/web/ru-19aa4407c44e9e7b5ea35342f6262081.js (239KB)
_expo/static/js/web/SearchSettingsScreen-02b2a405593ec3c1b4ee41643d22467d.js (2.5KB)
_expo/static/js/web/SecureStore-f16f01c1d619f052980a5459cdc3cf09.js (2.4KB)
_expo/static/js/web/SignInAuthenticatorScreen-77dd2fcff26dbe906c372b10e2def292.js (319B)
_expo/static/js/web/SignInPasswordScreen-f81bc47fa2b8190f90b079e2c801b2f0.js (359B)
_expo/static/js/web/tr-29af5141062363f6de4b390be6f143a4.js (86KB)
_expo/static/js/web/TrustAboutScreen-b4ef901c5abda9b004d4a8478edd92c8.js (2.6KB)
_expo/static/js/web/TrustCenterScreen-0d7169ccd7fd0f276b38478967b8affe.js (4.4KB)
_expo/static/js/web/TrustFAQScreen-8a0cc32133f0b860780a45f3b128bfcf.js (1.8KB)
_expo/static/js/web/TrustLeaderboardScreen-c2d0124fd3e62f4a2fdef812d77ebf35.js (4.3KB)
_expo/static/js/web/TrustRewardsScreen-da36a64cce2b2480e94974d1d55410b6.js (9.4KB)
_expo/static/js/web/TrustRulesScreen-edf6964f7597fbe4985d6dd12786125a.js (2.2KB)
_expo/static/js/web/ts-mls-optional-peer-a30edf93914a7096c616179710d81e89.js (345B)
_expo/static/js/web/UserLinksScreen-28db9cc164bed34a495f3403a67a8030.js (1.1KB)
_expo/static/js/web/WebBrowser-faadff4d2f8106b4930f7da8cd068f5e.js (8.3KB)
_expo/static/js/web/WelcomeNewUserScreen-4e0a54bdb9c54b1fa73be302ed970a9a.js (8.7KB)
_expo/static/js/web/zh-CN-744b656ce188ea309e86fb9199ccbecf.js (18KB)
_expo/static/js/web/zh-eebe8f0123877e64fd37efe115aa383b.js (97KB)

› Static routes (45):
/new (28KB)
/ (index) (28KB)
/calls (28KB)
/c/[id] (28KB)
/u/[id] (28KB)
/updates (28KB)
/_sitemap (27KB)
/+not-found (28KB)
/[username] (28KB)
/(chat)/new (28KB)
/c/[id]/call (28KB)
/c/[id]/info (28KB)
/(auth) (28KB)
/(chat)/calls (28KB)
/(chat) (28KB)
/(chat)/c/[id] (28KB)
/dm/[username] (28KB)
/(chat)/u/[id] (28KB)
/(chat)/updates (28KB)
/c/[id]/members (28KB)
/settings (28KB)
/settings/backup (28KB)
/settings/devices (28KB)
/settings/privacy (28KB)
/(chat)/[username] (28KB)
/settings/language (28KB)
/(chat)/c/[id]/call (28KB)
/(chat)/c/[id]/info (28KB)
/settings/appearance (28KB)
/(chat)/dm/[username] (28KB)
/(chat)/c/[id]/members (28KB)
/(chat)/settings (28KB)
/(chat)/settings/backup (28KB)
/(chat)/settings/devices (28KB)
/(chat)/settings/privacy (28KB)
/(chat)/settings/language (28KB)
/settings/privacy/blocked (28KB)
/(chat)/settings/appearance (28KB)
/settings/privacy/restricted (28KB)
/settings/privacy/hidden-words (28KB)
/(chat)/settings/privacy/blocked (28KB)
/(chat)/settings/privacy/restricted (28KB)
/settings/privacy/profile-visibility (28KB)
/(chat)/settings/privacy/hidden-words (28KB)
/(chat)/settings/privacy/profile-visibility (28KB)

Exported: dist
